[38;2;100;116;139m╔════════════════════════════════════════════════╗[0m
[38;2;100;116;139m║[0m                    [1mWelcome[0m                     [38;2;100;116;139m║[0m
[38;2;100;116;139m╠════════════════════════════════════════════════╣[0m
[38;2;100;116;139m║[0mHello, world!                                   [38;2;100;116;139m║[0m
[38;2;100;116;139m║[0m                                                [38;2;100;116;139m║[0m
[38;2;100;116;139m║[0m                                                [38;2;100;116;139m║[0m
[38;2;100;116;139m║[0m                                                [38;2;100;116;139m║[0m
[38;2;100;116;139m╠════════════════════════════════════════════════╣[0m
[38;2;100;116;139m║[0m Ready                                          [38;2;100;116;139m║[0m
[38;2;100;116;139m╚════════════════════════════════════════════════╝[0m