[38;2;100;116;139m╔════════════════════════════════════════════════╗[0m
[38;2;100;116;139m║[0m                    Welcome                     [38;2;100;116;139m║[0m
[38;2;100;116;139m╠════════════════════════════════════════════════╣[0m
[38;2;100;116;139m║[0mHello, world!                                   [38;2;100;116;139m║[0m
[38;2;100;116;139m║[0mThis is a test.                                 [38;2;100;116;139m║[0m
[38;2;100;116;139m║[0m                                                [38;2;100;116;139m║[0m
[38;2;100;116;139m║[0m                                                [38;2;100;116;139m║[0m
[38;2;100;116;139m╠════════════════════════════════════════════════╣[0m
[38;2;100;116;139m║[0m Ready                                          [38;2;100;116;139m║[0m
[38;2;100;116;139m╚════════════════════════════════════════════════╝[0m