[38;2;255;95;210m  ╔═══════════════════════════════════════════════════════════╗  [0m
[38;2;255;95;210m  ║   ____       _          _   _                 _ _         ║  [0m
[38;2;255;95;210m  ║  | __ ) _   _| |_ ___   | | | |__   __ _ _ __ (_) |_ _   _║  [0m
[38;2;255;95;210m  ║  |  _ \ | | | | __/ __|  | |_| '_ \ / _` | '_ \| | __| | | |║[0m
[38;2;255;95;210m  ║  | |_) | |_| | |_\__ \  |  _  | | | (_| | |_) | | |_| |_| |║ [0m
[38;2;255;95;210m  ║  |____/ \__,_|\__|___/  |_| |_|_| |_\__,_| .__/|_|\__|\__, |║[0m
[38;2;255;95;210m  ║                                          |_|          |___/ ║[0m
[38;2;255;95;210m  ╚═══════════════════════════════════════════════════════════╝  [0m